{
  "name": "grunt-release-ts-test-bower",
  "version": "1.2.3"
}
