{
  "name": "grunt-release-ts-test-bower",
  "version": "0.0.13"
}
