{
  "name": "grunt-release-ts-test",
  "version": "0.0.13"
}
