{
  "name": "grunt-release-ts-test",
  "version": "0.1.0"
}
