{
  "name": "grunt-release-ts-test",
  "version": "1.0.0"
}
